
> bbms@0.0.0 build
> vite build

[36mvite v7.2.1 [32mbuilding client environment for production...[36m[39m
transforming...
[32mΓ£ô[39m 21 modules transformed.
node.exe : [31mΓ£ù[39m 
Build failed in 493ms
At C:\Program 
Files\nodejs\npm.ps1:29 
char:3
+   & $NODE_EXE $NPM_CLI_JS 
$args
+   
~~~~~~~~~~~~~~~~~~~~~~~~~~~~~
    + CategoryInfo           
   : NotSpecified: ([31mΓ£  
  ù[39m Build failed in 4   
 93ms:String) [], RemoteE    
xception
    + FullyQualifiedErrorId  
   : NativeCommandError
 
[31merror during build:
[31m[vite:esbuild] 
Transform failed with 1 
error:
C:/Users/ragha/Downloads/Hemo
Link/frontend/src/pages/donor
/DonorProfile.jsx:5:7: 
ERROR: Expected "as" but 
found "{"[31m
file: [36mC:/Users/ragha/Dow
nloads/HemoLink/frontend/src/
pages/donor/DonorProfile.jsx:
5:7[31m
[33m
[33mExpected "as" but found 
"{"[33m
3  |  import { toast, 
Toaster } from 
"react-hot-toast";
4  |  import {
5  |  import { API } from 
"../../config.js";
   |         ^
6  |    Loader2,
7  |    Save,
[31m
    at failureErrorWithLog (C
:\Users\ragha\Downloads\HemoL
ink\frontend\node_modules\esb
uild\lib\main.js:1467:15)
    at C:\Users\ragha\Downloa
ds\HemoLink\frontend\node_mod
ules\esbuild\lib\main.js:736:
50
    at 
responseCallbacks.<computed> 
(C:\Users\ragha\Downloads\Hem
oLink\frontend\node_modules\e
sbuild\lib\main.js:603:9)
    at handleIncomingPacket (
C:\Users\ragha\Downloads\Hemo
Link\frontend\node_modules\es
build\lib\main.js:658:12)
    at Socket.readFromStdout 
(C:\Users\ragha\Downloads\Hem
oLink\frontend\node_modules\e
sbuild\lib\main.js:581:7)
    at Socket.emit 
(node:events:524:28)
    at addChunk (node:interna
l/streams/readable:561:12)
    at 
readableAddChunkPushByteMode 
(node:internal/streams/readab
le:512:3)
    at Readable.push (node:in
ternal/streams/readable:392:5
)
    at Pipe.onStreamRead (nod
e:internal/stream_base_common
s:189:23)[39m
